vim 
htop 
ranger 
audacity 
lynx
perl-image-exiftool 
transmission-gtk 
poppler
elinks 
w3m
atool 
highlight 
hunspell 
hunspell-en 
libcaca
strace 
ruby
tk 
ruby-docs 
k3b 
libdvdcss 
dvd+rw-tools
vcdimager
handbrake
libreoffice 
opera 
dvdauthor 
midori 
aria2
rhythmbox
banshee 
lirc 
python-mako 
grilo-plugins
libdmapsharing
gvfs-google 
gvfs-goa 
dleyna-server 
tracker
nautilus
samba 
gparted 
gimp 
inkscape 
bash-completion
opera
ruby
strace
highlight 
atool 
w3m 
mediainfo
python2-nose
pciutils 
libpng12
linux42
linux42-headers
x11vnc
wireshark-cli
tcpdump
chromium
tree
gftp
junit
apache-ant
tox
filezilla
toxic
qtox
deluge
gnucash
xournal
zathura
kdegraphics-okular
gnumeric
kmymoney
onboard
clamav 
shutter
xclip
remmina 
wine 
virtualbox 
gufw 
firewalld
scribus 
josm 
meld 
jedit 
geany 
bluefish
handbrake
digikam
dosbox 
rtorrent 
links 
ncmpcpp 
mutt 
ffmpeg
cpio
mtools
atop
tigervnc
transmission-cli
dnsutils
nmap
wireshark-gtk
nload
iftop
iptraf-ng
nethogs
bmon
bwm-ng
dstat

blender
uget
opusfile libao sox
